LTspice 24.1.9 for Windows
Circuit: C:\Users\Joe\Desktop\Electronics_Projects\FM_DRUM_MACHINE\FM-Drum-Machine\docs\FM_DRUMMACHINE_LTSPICE\FM_DRUMMACHINE_COMPRESSOR_PEAKDETECTOR.net
Start Time: Mon Aug 25 22:34:10 2025
solver = Normal
Maximum thread count: 12
tnom = 27
temp = 27
method = trap
C5: Increased Cpar to 1e-11
WARNING: Node nc_02 is floating.

Direct Newton iteration failed to find .op point.  (Use ".option noopiter" to skip.)
Starting Gmin stepping
Gmin = 10
Gmin = 1.07374
Gmin = 0.115292
Gmin = 0.0123794
Gmin = 0.00132923
Gmin = 0.000142725
Gmin = 1.5325e-05
Gmin = 1.6455e-06
Gmin = 1.76685e-07
Gmin = 1.89714e-08
Gmin = 2.03704e-09
Gmin = 2.18725e-10
Gmin = 2.34854e-11
Gmin = 2.52173e-12
Gmin = 2.70769e-13
Gmin = 0
Gmin stepping succeeded in finding the operating point.

Total elapsed time: 1.751 seconds.

Files loaded:
C:\Users\Joe\Desktop\Electronics_Projects\FM_DRUM_MACHINE\FM-Drum-Machine\docs\FM_DRUMMACHINE_LTSPICE\FM_DRUMMACHINE_COMPRESSOR_PEAKDETECTOR.net
C:\Users\Joe\AppData\Local\LTspice\lib\cmp\standard.dio
C:\Users\Joe\AppData\Local\LTspice\lib\sub\UniversalOpAmp1.lib

